ok - fm-control relaunch: explicit model and effort win over the recorded ones
ok - fm-control relaunch: a same-harness relaunch replaces the agent in the same endpoint and worktree
ok - relaunch re-reads the backlog item instead of blindly re-running the transition
ok - relaunch heals an item that drifted out of In flight while the task stayed live
ok - fm-control relaunch: a captain-held In-flight item succeeds and keeps the hold
ok - fm-control relaunch: a held item that is not In flight refuses before the agent is stopped
ok - fm-spawn --relaunch: a held in-flight backlog item stays in flight and held
ok - fm-control relaunch: the away-posture branch relaunches a captain-held In-flight item and keeps the hold
rm: /Users/christianalexanderdiaz/.no-mistakes/worktrees/8ef411716190/01M46R3WV9B8XCFN123QXNTAJS/.test-runtime/fm-control-relaunch.fDyqoT/spawn-held-inflight-8509/home/state/rl52.git-hooks/pre-rebase: Permission denied
rm: /Users/christianalexanderdiaz/.no-mistakes/worktrees/8ef411716190/01M46R3WV9B8XCFN123QXNTAJS/.test-runtime/fm-control-relaunch.fDyqoT/spawn-held-inflight-8509/home/state/rl52.git-hooks/pre-applypatch: Permission denied
rm: /Users/christianalexanderdiaz/.no-mistakes/worktrees/8ef411716190/01M46R3WV9B8XCFN123QXNTAJS/.test-runtime/fm-control-relaunch.fDyqoT/spawn-held-inflight-8509/home/state/rl52.git-hooks/pre-auto-gc: Permission denied
rm: /Users/christianalexanderdiaz/.no-mistakes/worktrees/8ef411716190/01M46R3WV9B8XCFN123QXNTAJS/.test-runtime/fm-control-relaunch.fDyqoT/spawn-held-inflight-8509/home/state/rl52.git-hooks/pre-merge-commit: Permission denied
rm: /Users/christianalexanderdiaz/.no-mistakes/worktrees/8ef411716190/01M46R3WV9B8XCFN123QXNTAJS/.test-runtime/fm-control-relaunch.fDyqoT/spawn-held-inflight-8509/home/state/rl52.git-hooks/post-commit: Permission denied
rm: /Users/christianalexanderdiaz/.no-mistakes/worktrees/8ef411716190/01M46R3WV9B8XCFN123QXNTAJS/.test-runtime/fm-control-relaunch.fDyqoT/spawn-held-inflight-8509/home/state/rl52.git-hooks/sendemail-validate: Permission denied
rm: /Users/christianalexanderdiaz/.no-mistakes/worktrees/8ef411716190/01M46R3WV9B8XCFN123QXNTAJS/.test-runtime/fm-control-relaunch.fDyqoT/spawn-held-inflight-8509/home/state/rl52.git-hooks/applypatch-msg: Permission denied
rm: /Users/christianalexanderdiaz/.no-mistakes/worktrees/8ef411716190/01M46R3WV9B8XCFN123QXNTAJS/.test-runtime/fm-control-relaunch.fDyqoT/spawn-held-inflight-8509/home/state/rl52.git-hooks/prepare-commit-msg: Permission denied
rm: /Users/christianalexanderdiaz/.no-mistakes/worktrees/8ef411716190/01M46R3WV9B8XCFN123QXNTAJS/.test-runtime/fm-control-relaunch.fDyqoT/spawn-held-inflight-8509/home/state/rl52.git-hooks/post-checkout: Permission denied
rm: /Users/christianalexanderdiaz/.no-mistakes/worktrees/8ef411716190/01M46R3WV9B8XCFN123QXNTAJS/.test-runtime/fm-control-relaunch.fDyqoT/spawn-held-inflight-8509/home/state/rl52.git-hooks/post-applypatch: Permission denied
rm: /Users/christianalexanderdiaz/.no-mistakes/worktrees/8ef411716190/01M46R3WV9B8XCFN123QXNTAJS/.test-runtime/fm-control-relaunch.fDyqoT/spawn-held-inflight-8509/home/state/rl52.git-hooks/post-rewrite: Permission denied
rm: /Users/christianalexanderdiaz/.no-mistakes/worktrees/8ef411716190/01M46R3WV9B8XCFN123QXNTAJS/.test-runtime/fm-control-relaunch.fDyqoT/spawn-held-inflight-8509/home/state/rl52.git-hooks/commit-msg: Permission denied
rm: /Users/christianalexanderdiaz/.no-mistakes/worktrees/8ef411716190/01M46R3WV9B8XCFN123QXNTAJS/.test-runtime/fm-control-relaunch.fDyqoT/spawn-held-inflight-8509/home/state/rl52.git-hooks/pre-push: Permission denied
rm: /Users/christianalexanderdiaz/.no-mistakes/worktrees/8ef411716190/01M46R3WV9B8XCFN123QXNTAJS/.test-runtime/fm-control-relaunch.fDyqoT/spawn-held-inflight-8509/home/state/rl52.git-hooks/post-merge: Permission denied
rm: /Users/christianalexanderdiaz/.no-mistakes/worktrees/8ef411716190/01M46R3WV9B8XCFN123QXNTAJS/.test-runtime/fm-control-relaunch.fDyqoT/spawn-held-inflight-8509/home/state/rl52.git-hooks/pre-commit: Permission denied
rm: /Users/christianalexanderdiaz/.no-mistakes/worktrees/8ef411716190/01M46R3WV9B8XCFN123QXNTAJS/.test-runtime/fm-control-relaunch.fDyqoT/spawn-held-inflight-8509/home/state/rl52.git-hooks: Directory not empty
rm: /Users/christianalexanderdiaz/.no-mistakes/worktrees/8ef411716190/01M46R3WV9B8XCFN123QXNTAJS/.test-runtime/fm-control-relaunch.fDyqoT/spawn-held-inflight-8509/home/state: Directory not empty
rm: /Users/christianalexanderdiaz/.no-mistakes/worktrees/8ef411716190/01M46R3WV9B8XCFN123QXNTAJS/.test-runtime/fm-control-relaunch.fDyqoT/spawn-held-inflight-8509/home: Directory not empty
rm: /Users/christianalexanderdiaz/.no-mistakes/worktrees/8ef411716190/01M46R3WV9B8XCFN123QXNTAJS/.test-runtime/fm-control-relaunch.fDyqoT/spawn-held-inflight-8509: Directory not empty
rm: /Users/christianalexanderdiaz/.no-mistakes/worktrees/8ef411716190/01M46R3WV9B8XCFN123QXNTAJS/.test-runtime/fm-control-relaunch.fDyqoT/reverify-9894/home/state/rl40.git-hooks/pre-rebase: Permission denied
rm: /Users/christianalexanderdiaz/.no-mistakes/worktrees/8ef411716190/01M46R3WV9B8XCFN123QXNTAJS/.test-runtime/fm-control-relaunch.fDyqoT/reverify-9894/home/state/rl40.git-hooks/pre-applypatch: Permission denied
rm: /Users/christianalexanderdiaz/.no-mistakes/worktrees/8ef411716190/01M46R3WV9B8XCFN123QXNTAJS/.test-runtime/fm-control-relaunch.fDyqoT/reverify-9894/home/state/rl40.git-hooks/pre-auto-gc: Permission denied
rm: /Users/christianalexanderdiaz/.no-mistakes/worktrees/8ef411716190/01M46R3WV9B8XCFN123QXNTAJS/.test-runtime/fm-control-relaunch.fDyqoT/reverify-9894/home/state/rl40.git-hooks/pre-merge-commit: Permission denied
rm: /Users/christianalexanderdiaz/.no-mistakes/worktrees/8ef411716190/01M46R3WV9B8XCFN123QXNTAJS/.test-runtime/fm-control-relaunch.fDyqoT/reverify-9894/home/state/rl40.git-hooks/post-commit: Permission denied
rm: /Users/christianalexanderdiaz/.no-mistakes/worktrees/8ef411716190/01M46R3WV9B8XCFN123QXNTAJS/.test-runtime/fm-control-relaunch.fDyqoT/reverify-9894/home/state/rl40.git-hooks/sendemail-validate: Permission denied
rm: /Users/christianalexanderdiaz/.no-mistakes/worktrees/8ef411716190/01M46R3WV9B8XCFN123QXNTAJS/.test-runtime/fm-control-relaunch.fDyqoT/reverify-9894/home/state/rl40.git-hooks/applypatch-msg: Permission denied
rm: /Users/christianalexanderdiaz/.no-mistakes/worktrees/8ef411716190/01M46R3WV9B8XCFN123QXNTAJS/.test-runtime/fm-control-relaunch.fDyqoT/reverify-9894/home/state/rl40.git-hooks/prepare-commit-msg: Permission denied
rm: /Users/christianalexanderdiaz/.no-mistakes/worktrees/8ef411716190/01M46R3WV9B8XCFN123QXNTAJS/.test-runtime/fm-control-relaunch.fDyqoT/reverify-9894/home/state/rl40.git-hooks/post-checkout: Permission denied
rm: /Users/christianalexanderdiaz/.no-mistakes/worktrees/8ef411716190/01M46R3WV9B8XCFN123QXNTAJS/.test-runtime/fm-control-relaunch.fDyqoT/reverify-9894/home/state/rl40.git-hooks/post-applypatch: Permission denied
rm: /Users/christianalexanderdiaz/.no-mistakes/worktrees/8ef411716190/01M46R3WV9B8XCFN123QXNTAJS/.test-runtime/fm-control-relaunch.fDyqoT/reverify-9894/home/state/rl40.git-hooks/post-rewrite: Permission denied
rm: /Users/christianalexanderdiaz/.no-mistakes/worktrees/8ef411716190/01M46R3WV9B8XCFN123QXNTAJS/.test-runtime/fm-control-relaunch.fDyqoT/reverify-9894/home/state/rl40.git-hooks/commit-msg: Permission denied
rm: /Users/christianalexanderdiaz/.no-mistakes/worktrees/8ef411716190/01M46R3WV9B8XCFN123QXNTAJS/.test-runtime/fm-control-relaunch.fDyqoT/reverify-9894/home/state/rl40.git-hooks/pre-push: Permission denied
rm: /Users/christianalexanderdiaz/.no-mistakes/worktrees/8ef411716190/01M46R3WV9B8XCFN123QXNTAJS/.test-runtime/fm-control-relaunch.fDyqoT/reverify-9894/home/state/rl40.git-hooks/post-merge: Permission denied
rm: /Users/christianalexanderdiaz/.no-mistakes/worktrees/8ef411716190/01M46R3WV9B8XCFN123QXNTAJS/.test-runtime/fm-control-relaunch.fDyqoT/reverify-9894/home/state/rl40.git-hooks/pre-commit: Permission denied
rm: /Users/christianalexanderdiaz/.no-mistakes/worktrees/8ef411716190/01M46R3WV9B8XCFN123QXNTAJS/.test-runtime/fm-control-relaunch.fDyqoT/reverify-9894/home/state/rl40.git-hooks: Directory not empty
rm: /Users/christianalexanderdiaz/.no-mistakes/worktrees/8ef411716190/01M46R3WV9B8XCFN123QXNTAJS/.test-runtime/fm-control-relaunch.fDyqoT/reverify-9894/home/state: Directory not empty
rm: /Users/christianalexanderdiaz/.no-mistakes/worktrees/8ef411716190/01M46R3WV9B8XCFN123QXNTAJS/.test-runtime/fm-control-relaunch.fDyqoT/reverify-9894/home: Directory not empty
rm: /Users/christianalexanderdiaz/.no-mistakes/worktrees/8ef411716190/01M46R3WV9B8XCFN123QXNTAJS/.test-runtime/fm-control-relaunch.fDyqoT/reverify-9894: Directory not empty
rm: /Users/christianalexanderdiaz/.no-mistakes/worktrees/8ef411716190/01M46R3WV9B8XCFN123QXNTAJS/.test-runtime/fm-control-relaunch.fDyqoT/same-10287/home/state/rl1.git-hooks/pre-rebase: Permission denied
rm: /Users/christianalexanderdiaz/.no-mistakes/worktrees/8ef411716190/01M46R3WV9B8XCFN123QXNTAJS/.test-runtime/fm-control-relaunch.fDyqoT/same-10287/home/state/rl1.git-hooks/pre-applypatch: Permission denied
rm: /Users/christianalexanderdiaz/.no-mistakes/worktrees/8ef411716190/01M46R3WV9B8XCFN123QXNTAJS/.test-runtime/fm-control-relaunch.fDyqoT/same-10287/home/state/rl1.git-hooks/pre-auto-gc: Permission denied
rm: /Users/christianalexanderdiaz/.no-mistakes/worktrees/8ef411716190/01M46R3WV9B8XCFN123QXNTAJS/.test-runtime/fm-control-relaunch.fDyqoT/same-10287/home/state/rl1.git-hooks/pre-merge-commit: Permission denied
rm: /Users/christianalexanderdiaz/.no-mistakes/worktrees/8ef411716190/01M46R3WV9B8XCFN123QXNTAJS/.test-runtime/fm-control-relaunch.fDyqoT/same-10287/home/state/rl1.git-hooks/post-commit: Permission denied
rm: /Users/christianalexanderdiaz/.no-mistakes/worktrees/8ef411716190/01M46R3WV9B8XCFN123QXNTAJS/.test-runtime/fm-control-relaunch.fDyqoT/same-10287/home/state/rl1.git-hooks/sendemail-validate: Permission denied
rm: /Users/christianalexanderdiaz/.no-mistakes/worktrees/8ef411716190/01M46R3WV9B8XCFN123QXNTAJS/.test-runtime/fm-control-relaunch.fDyqoT/same-10287/home/state/rl1.git-hooks/applypatch-msg: Permission denied
rm: /Users/christianalexanderdiaz/.no-mistakes/worktrees/8ef411716190/01M46R3WV9B8XCFN123QXNTAJS/.test-runtime/fm-control-relaunch.fDyqoT/same-10287/home/state/rl1.git-hooks/prepare-commit-msg: Permission denied
rm: /Users/christianalexanderdiaz/.no-mistakes/worktrees/8ef411716190/01M46R3WV9B8XCFN123QXNTAJS/.test-runtime/fm-control-relaunch.fDyqoT/same-10287/home/state/rl1.git-hooks/post-checkout: Permission denied
rm: /Users/christianalexanderdiaz/.no-mistakes/worktrees/8ef411716190/01M46R3WV9B8XCFN123QXNTAJS/.test-runtime/fm-control-relaunch.fDyqoT/same-10287/home/state/rl1.git-hooks/post-applypatch: Permission denied
rm: /Users/christianalexanderdiaz/.no-mistakes/worktrees/8ef411716190/01M46R3WV9B8XCFN123QXNTAJS/.test-runtime/fm-control-relaunch.fDyqoT/same-10287/home/state/rl1.git-hooks/post-rewrite: Permission denied
rm: /Users/christianalexanderdiaz/.no-mistakes/worktrees/8ef411716190/01M46R3WV9B8XCFN123QXNTAJS/.test-runtime/fm-control-relaunch.fDyqoT/same-10287/home/state/rl1.git-hooks/commit-msg: Permission denied
rm: /Users/christianalexanderdiaz/.no-mistakes/worktrees/8ef411716190/01M46R3WV9B8XCFN123QXNTAJS/.test-runtime/fm-control-relaunch.fDyqoT/same-10287/home/state/rl1.git-hooks/pre-push: Permission denied
rm: /Users/christianalexanderdiaz/.no-mistakes/worktrees/8ef411716190/01M46R3WV9B8XCFN123QXNTAJS/.test-runtime/fm-control-relaunch.fDyqoT/same-10287/home/state/rl1.git-hooks/post-merge: Permission denied
rm: /Users/christianalexanderdiaz/.no-mistakes/worktrees/8ef411716190/01M46R3WV9B8XCFN123QXNTAJS/.test-runtime/fm-control-relaunch.fDyqoT/same-10287/home/state/rl1.git-hooks/pre-commit: Permission denied
rm: /Users/christianalexanderdiaz/.no-mistakes/worktrees/8ef411716190/01M46R3WV9B8XCFN123QXNTAJS/.test-runtime/fm-control-relaunch.fDyqoT/same-10287/home/state/rl1.git-hooks: Directory not empty
rm: /Users/christianalexanderdiaz/.no-mistakes/worktrees/8ef411716190/01M46R3WV9B8XCFN123QXNTAJS/.test-runtime/fm-control-relaunch.fDyqoT/same-10287/home/state: Directory not empty
rm: /Users/christianalexanderdiaz/.no-mistakes/worktrees/8ef411716190/01M46R3WV9B8XCFN123QXNTAJS/.test-runtime/fm-control-relaunch.fDyqoT/same-10287/home: Directory not empty
rm: /Users/christianalexanderdiaz/.no-mistakes/worktrees/8ef411716190/01M46R3WV9B8XCFN123QXNTAJS/.test-runtime/fm-control-relaunch.fDyqoT/same-10287: Directory not empty
rm: /Users/christianalexanderdiaz/.no-mistakes/worktrees/8ef411716190/01M46R3WV9B8XCFN123QXNTAJS/.test-runtime/fm-control-relaunch.fDyqoT/explicit-17371/home/state/rl7.git-hooks/pre-rebase: Permission denied
rm: /Users/christianalexanderdiaz/.no-mistakes/worktrees/8ef411716190/01M46R3WV9B8XCFN123QXNTAJS/.test-runtime/fm-control-relaunch.fDyqoT/explicit-17371/home/state/rl7.git-hooks/pre-applypatch: Permission denied
rm: /Users/christianalexanderdiaz/.no-mistakes/worktrees/8ef411716190/01M46R3WV9B8XCFN123QXNTAJS/.test-runtime/fm-control-relaunch.fDyqoT/explicit-17371/home/state/rl7.git-hooks/pre-auto-gc: Permission denied
rm: /Users/christianalexanderdiaz/.no-mistakes/worktrees/8ef411716190/01M46R3WV9B8XCFN123QXNTAJS/.test-runtime/fm-control-relaunch.fDyqoT/explicit-17371/home/state/rl7.git-hooks/pre-merge-commit: Permission denied
rm: /Users/christianalexanderdiaz/.no-mistakes/worktrees/8ef411716190/01M46R3WV9B8XCFN123QXNTAJS/.test-runtime/fm-control-relaunch.fDyqoT/explicit-17371/home/state/rl7.git-hooks/post-commit: Permission denied
rm: /Users/christianalexanderdiaz/.no-mistakes/worktrees/8ef411716190/01M46R3WV9B8XCFN123QXNTAJS/.test-runtime/fm-control-relaunch.fDyqoT/explicit-17371/home/state/rl7.git-hooks/sendemail-validate: Permission denied
rm: /Users/christianalexanderdiaz/.no-mistakes/worktrees/8ef411716190/01M46R3WV9B8XCFN123QXNTAJS/.test-runtime/fm-control-relaunch.fDyqoT/explicit-17371/home/state/rl7.git-hooks/applypatch-msg: Permission denied
rm: /Users/christianalexanderdiaz/.no-mistakes/worktrees/8ef411716190/01M46R3WV9B8XCFN123QXNTAJS/.test-runtime/fm-control-relaunch.fDyqoT/explicit-17371/home/state/rl7.git-hooks/prepare-commit-msg: Permission denied
rm: /Users/christianalexanderdiaz/.no-mistakes/worktrees/8ef411716190/01M46R3WV9B8XCFN123QXNTAJS/.test-runtime/fm-control-relaunch.fDyqoT/explicit-17371/home/state/rl7.git-hooks/post-checkout: Permission denied
rm: /Users/christianalexanderdiaz/.no-mistakes/worktrees/8ef411716190/01M46R3WV9B8XCFN123QXNTAJS/.test-runtime/fm-control-relaunch.fDyqoT/explicit-17371/home/state/rl7.git-hooks/post-applypatch: Permission denied
rm: /Users/christianalexanderdiaz/.no-mistakes/worktrees/8ef411716190/01M46R3WV9B8XCFN123QXNTAJS/.test-runtime/fm-control-relaunch.fDyqoT/explicit-17371/home/state/rl7.git-hooks/post-rewrite: Permission denied
rm: /Users/christianalexanderdiaz/.no-mistakes/worktrees/8ef411716190/01M46R3WV9B8XCFN123QXNTAJS/.test-runtime/fm-control-relaunch.fDyqoT/explicit-17371/home/state/rl7.git-hooks/commit-msg: Permission denied
rm: /Users/christianalexanderdiaz/.no-mistakes/worktrees/8ef411716190/01M46R3WV9B8XCFN123QXNTAJS/.test-runtime/fm-control-relaunch.fDyqoT/explicit-17371/home/state/rl7.git-hooks/pre-push: Permission denied
rm: /Users/christianalexanderdiaz/.no-mistakes/worktrees/8ef411716190/01M46R3WV9B8XCFN123QXNTAJS/.test-runtime/fm-control-relaunch.fDyqoT/explicit-17371/home/state/rl7.git-hooks/post-merge: Permission denied
rm: /Users/christianalexanderdiaz/.no-mistakes/worktrees/8ef411716190/01M46R3WV9B8XCFN123QXNTAJS/.test-runtime/fm-control-relaunch.fDyqoT/explicit-17371/home/state/rl7.git-hooks/pre-commit: Permission denied
rm: /Users/christianalexanderdiaz/.no-mistakes/worktrees/8ef411716190/01M46R3WV9B8XCFN123QXNTAJS/.test-runtime/fm-control-relaunch.fDyqoT/explicit-17371/home/state/rl7.git-hooks: Directory not empty
rm: /Users/christianalexanderdiaz/.no-mistakes/worktrees/8ef411716190/01M46R3WV9B8XCFN123QXNTAJS/.test-runtime/fm-control-relaunch.fDyqoT/explicit-17371/home/state: Directory not empty
rm: /Users/christianalexanderdiaz/.no-mistakes/worktrees/8ef411716190/01M46R3WV9B8XCFN123QXNTAJS/.test-runtime/fm-control-relaunch.fDyqoT/explicit-17371/home: Directory not empty
rm: /Users/christianalexanderdiaz/.no-mistakes/worktrees/8ef411716190/01M46R3WV9B8XCFN123QXNTAJS/.test-runtime/fm-control-relaunch.fDyqoT/explicit-17371: Directory not empty
rm: /Users/christianalexanderdiaz/.no-mistakes/worktrees/8ef411716190/01M46R3WV9B8XCFN123QXNTAJS/.test-runtime/fm-control-relaunch.fDyqoT/away-branch-held-inflight-24341/home/state/rl53.git-hooks/pre-rebase: Permission denied
rm: /Users/christianalexanderdiaz/.no-mistakes/worktrees/8ef411716190/01M46R3WV9B8XCFN123QXNTAJS/.test-runtime/fm-control-relaunch.fDyqoT/away-branch-held-inflight-24341/home/state/rl53.git-hooks/pre-applypatch: Permission denied
rm: /Users/christianalexanderdiaz/.no-mistakes/worktrees/8ef411716190/01M46R3WV9B8XCFN123QXNTAJS/.test-runtime/fm-control-relaunch.fDyqoT/away-branch-held-inflight-24341/home/state/rl53.git-hooks/pre-auto-gc: Permission denied
rm: /Users/christianalexanderdiaz/.no-mistakes/worktrees/8ef411716190/01M46R3WV9B8XCFN123QXNTAJS/.test-runtime/fm-control-relaunch.fDyqoT/away-branch-held-inflight-24341/home/state/rl53.git-hooks/pre-merge-commit: Permission denied
rm: /Users/christianalexanderdiaz/.no-mistakes/worktrees/8ef411716190/01M46R3WV9B8XCFN123QXNTAJS/.test-runtime/fm-control-relaunch.fDyqoT/away-branch-held-inflight-24341/home/state/rl53.git-hooks/post-commit: Permission denied
rm: /Users/christianalexanderdiaz/.no-mistakes/worktrees/8ef411716190/01M46R3WV9B8XCFN123QXNTAJS/.test-runtime/fm-control-relaunch.fDyqoT/away-branch-held-inflight-24341/home/state/rl53.git-hooks/sendemail-validate: Permission denied
rm: /Users/christianalexanderdiaz/.no-mistakes/worktrees/8ef411716190/01M46R3WV9B8XCFN123QXNTAJS/.test-runtime/fm-control-relaunch.fDyqoT/away-branch-held-inflight-24341/home/state/rl53.git-hooks/applypatch-msg: Permission denied
rm: /Users/christianalexanderdiaz/.no-mistakes/worktrees/8ef411716190/01M46R3WV9B8XCFN123QXNTAJS/.test-runtime/fm-control-relaunch.fDyqoT/away-branch-held-inflight-24341/home/state/rl53.git-hooks/prepare-commit-msg: Permission denied
rm: /Users/christianalexanderdiaz/.no-mistakes/worktrees/8ef411716190/01M46R3WV9B8XCFN123QXNTAJS/.test-runtime/fm-control-relaunch.fDyqoT/away-branch-held-inflight-24341/home/state/rl53.git-hooks/post-checkout: Permission denied
rm: /Users/christianalexanderdiaz/.no-mistakes/worktrees/8ef411716190/01M46R3WV9B8XCFN123QXNTAJS/.test-runtime/fm-control-relaunch.fDyqoT/away-branch-held-inflight-24341/home/state/rl53.git-hooks/post-applypatch: Permission denied
rm: /Users/christianalexanderdiaz/.no-mistakes/worktrees/8ef411716190/01M46R3WV9B8XCFN123QXNTAJS/.test-runtime/fm-control-relaunch.fDyqoT/away-branch-held-inflight-24341/home/state/rl53.git-hooks/post-rewrite: Permission denied
rm: /Users/christianalexanderdiaz/.no-mistakes/worktrees/8ef411716190/01M46R3WV9B8XCFN123QXNTAJS/.test-runtime/fm-control-relaunch.fDyqoT/away-branch-held-inflight-24341/home/state/rl53.git-hooks/commit-msg: Permission denied
rm: /Users/christianalexanderdiaz/.no-mistakes/worktrees/8ef411716190/01M46R3WV9B8XCFN123QXNTAJS/.test-runtime/fm-control-relaunch.fDyqoT/away-branch-held-inflight-24341/home/state/rl53.git-hooks/pre-push: Permission denied
rm: /Users/christianalexanderdiaz/.no-mistakes/worktrees/8ef411716190/01M46R3WV9B8XCFN123QXNTAJS/.test-runtime/fm-control-relaunch.fDyqoT/away-branch-held-inflight-24341/home/state/rl53.git-hooks/post-merge: Permission denied
rm: /Users/christianalexanderdiaz/.no-mistakes/worktrees/8ef411716190/01M46R3WV9B8XCFN123QXNTAJS/.test-runtime/fm-control-relaunch.fDyqoT/away-branch-held-inflight-24341/home/state/rl53.git-hooks/pre-commit: Permission denied
rm: /Users/christianalexanderdiaz/.no-mistakes/worktrees/8ef411716190/01M46R3WV9B8XCFN123QXNTAJS/.test-runtime/fm-control-relaunch.fDyqoT/away-branch-held-inflight-24341/home/state/rl53.git-hooks: Directory not empty
rm: /Users/christianalexanderdiaz/.no-mistakes/worktrees/8ef411716190/01M46R3WV9B8XCFN123QXNTAJS/.test-runtime/fm-control-relaunch.fDyqoT/away-branch-held-inflight-24341/home/state: Directory not empty
rm: /Users/christianalexanderdiaz/.no-mistakes/worktrees/8ef411716190/01M46R3WV9B8XCFN123QXNTAJS/.test-runtime/fm-control-relaunch.fDyqoT/away-branch-held-inflight-24341/home: Directory not empty
rm: /Users/christianalexanderdiaz/.no-mistakes/worktrees/8ef411716190/01M46R3WV9B8XCFN123QXNTAJS/.test-runtime/fm-control-relaunch.fDyqoT/away-branch-held-inflight-24341: Directory not empty
rm: /Users/christianalexanderdiaz/.no-mistakes/worktrees/8ef411716190/01M46R3WV9B8XCFN123QXNTAJS/.test-runtime/fm-control-relaunch.fDyqoT/drifted-27580/home/state/rl41.git-hooks/pre-rebase: Permission denied
rm: /Users/christianalexanderdiaz/.no-mistakes/worktrees/8ef411716190/01M46R3WV9B8XCFN123QXNTAJS/.test-runtime/fm-control-relaunch.fDyqoT/drifted-27580/home/state/rl41.git-hooks/pre-applypatch: Permission denied
rm: /Users/christianalexanderdiaz/.no-mistakes/worktrees/8ef411716190/01M46R3WV9B8XCFN123QXNTAJS/.test-runtime/fm-control-relaunch.fDyqoT/drifted-27580/home/state/rl41.git-hooks/pre-auto-gc: Permission denied
rm: /Users/christianalexanderdiaz/.no-mistakes/worktrees/8ef411716190/01M46R3WV9B8XCFN123QXNTAJS/.test-runtime/fm-control-relaunch.fDyqoT/drifted-27580/home/state/rl41.git-hooks/pre-merge-commit: Permission denied
rm: /Users/christianalexanderdiaz/.no-mistakes/worktrees/8ef411716190/01M46R3WV9B8XCFN123QXNTAJS/.test-runtime/fm-control-relaunch.fDyqoT/drifted-27580/home/state/rl41.git-hooks/post-commit: Permission denied
rm: /Users/christianalexanderdiaz/.no-mistakes/worktrees/8ef411716190/01M46R3WV9B8XCFN123QXNTAJS/.test-runtime/fm-control-relaunch.fDyqoT/drifted-27580/home/state/rl41.git-hooks/sendemail-validate: Permission denied
rm: /Users/christianalexanderdiaz/.no-mistakes/worktrees/8ef411716190/01M46R3WV9B8XCFN123QXNTAJS/.test-runtime/fm-control-relaunch.fDyqoT/drifted-27580/home/state/rl41.git-hooks/applypatch-msg: Permission denied
rm: /Users/christianalexanderdiaz/.no-mistakes/worktrees/8ef411716190/01M46R3WV9B8XCFN123QXNTAJS/.test-runtime/fm-control-relaunch.fDyqoT/drifted-27580/home/state/rl41.git-hooks/prepare-commit-msg: Permission denied
rm: /Users/christianalexanderdiaz/.no-mistakes/worktrees/8ef411716190/01M46R3WV9B8XCFN123QXNTAJS/.test-runtime/fm-control-relaunch.fDyqoT/drifted-27580/home/state/rl41.git-hooks/post-checkout: Permission denied
rm: /Users/christianalexanderdiaz/.no-mistakes/worktrees/8ef411716190/01M46R3WV9B8XCFN123QXNTAJS/.test-runtime/fm-control-relaunch.fDyqoT/drifted-27580/home/state/rl41.git-hooks/post-applypatch: Permission denied
rm: /Users/christianalexanderdiaz/.no-mistakes/worktrees/8ef411716190/01M46R3WV9B8XCFN123QXNTAJS/.test-runtime/fm-control-relaunch.fDyqoT/drifted-27580/home/state/rl41.git-hooks/post-rewrite: Permission denied
rm: /Users/christianalexanderdiaz/.no-mistakes/worktrees/8ef411716190/01M46R3WV9B8XCFN123QXNTAJS/.test-runtime/fm-control-relaunch.fDyqoT/drifted-27580/home/state/rl41.git-hooks/commit-msg: Permission denied
rm: /Users/christianalexanderdiaz/.no-mistakes/worktrees/8ef411716190/01M46R3WV9B8XCFN123QXNTAJS/.test-runtime/fm-control-relaunch.fDyqoT/drifted-27580/home/state/rl41.git-hooks/pre-push: Permission denied
rm: /Users/christianalexanderdiaz/.no-mistakes/worktrees/8ef411716190/01M46R3WV9B8XCFN123QXNTAJS/.test-runtime/fm-control-relaunch.fDyqoT/drifted-27580/home/state/rl41.git-hooks/post-merge: Permission denied
rm: /Users/christianalexanderdiaz/.no-mistakes/worktrees/8ef411716190/01M46R3WV9B8XCFN123QXNTAJS/.test-runtime/fm-control-relaunch.fDyqoT/drifted-27580/home/state/rl41.git-hooks/pre-commit: Permission denied
rm: /Users/christianalexanderdiaz/.no-mistakes/worktrees/8ef411716190/01M46R3WV9B8XCFN123QXNTAJS/.test-runtime/fm-control-relaunch.fDyqoT/drifted-27580/home/state/rl41.git-hooks: Directory not empty
rm: /Users/christianalexanderdiaz/.no-mistakes/worktrees/8ef411716190/01M46R3WV9B8XCFN123QXNTAJS/.test-runtime/fm-control-relaunch.fDyqoT/drifted-27580/home/state: Directory not empty
rm: /Users/christianalexanderdiaz/.no-mistakes/worktrees/8ef411716190/01M46R3WV9B8XCFN123QXNTAJS/.test-runtime/fm-control-relaunch.fDyqoT/drifted-27580/home: Directory not empty
rm: /Users/christianalexanderdiaz/.no-mistakes/worktrees/8ef411716190/01M46R3WV9B8XCFN123QXNTAJS/.test-runtime/fm-control-relaunch.fDyqoT/drifted-27580: Directory not empty
rm: /Users/christianalexanderdiaz/.no-mistakes/worktrees/8ef411716190/01M46R3WV9B8XCFN123QXNTAJS/.test-runtime/fm-control-relaunch.fDyqoT/held-inflight-23257/home/state/rl50.git-hooks/pre-rebase: Permission denied
rm: /Users/christianalexanderdiaz/.no-mistakes/worktrees/8ef411716190/01M46R3WV9B8XCFN123QXNTAJS/.test-runtime/fm-control-relaunch.fDyqoT/held-inflight-23257/home/state/rl50.git-hooks/pre-applypatch: Permission denied
rm: /Users/christianalexanderdiaz/.no-mistakes/worktrees/8ef411716190/01M46R3WV9B8XCFN123QXNTAJS/.test-runtime/fm-control-relaunch.fDyqoT/held-inflight-23257/home/state/rl50.git-hooks/pre-auto-gc: Permission denied
rm: /Users/christianalexanderdiaz/.no-mistakes/worktrees/8ef411716190/01M46R3WV9B8XCFN123QXNTAJS/.test-runtime/fm-control-relaunch.fDyqoT/held-inflight-23257/home/state/rl50.git-hooks/pre-merge-commit: Permission denied
rm: /Users/christianalexanderdiaz/.no-mistakes/worktrees/8ef411716190/01M46R3WV9B8XCFN123QXNTAJS/.test-runtime/fm-control-relaunch.fDyqoT/held-inflight-23257/home/state/rl50.git-hooks/post-commit: Permission denied
rm: /Users/christianalexanderdiaz/.no-mistakes/worktrees/8ef411716190/01M46R3WV9B8XCFN123QXNTAJS/.test-runtime/fm-control-relaunch.fDyqoT/held-inflight-23257/home/state/rl50.git-hooks/sendemail-validate: Permission denied
rm: /Users/christianalexanderdiaz/.no-mistakes/worktrees/8ef411716190/01M46R3WV9B8XCFN123QXNTAJS/.test-runtime/fm-control-relaunch.fDyqoT/held-inflight-23257/home/state/rl50.git-hooks/applypatch-msg: Permission denied
rm: /Users/christianalexanderdiaz/.no-mistakes/worktrees/8ef411716190/01M46R3WV9B8XCFN123QXNTAJS/.test-runtime/fm-control-relaunch.fDyqoT/held-inflight-23257/home/state/rl50.git-hooks/prepare-commit-msg: Permission denied
rm: /Users/christianalexanderdiaz/.no-mistakes/worktrees/8ef411716190/01M46R3WV9B8XCFN123QXNTAJS/.test-runtime/fm-control-relaunch.fDyqoT/held-inflight-23257/home/state/rl50.git-hooks/post-checkout: Permission denied
rm: /Users/christianalexanderdiaz/.no-mistakes/worktrees/8ef411716190/01M46R3WV9B8XCFN123QXNTAJS/.test-runtime/fm-control-relaunch.fDyqoT/held-inflight-23257/home/state/rl50.git-hooks/post-applypatch: Permission denied
rm: /Users/christianalexanderdiaz/.no-mistakes/worktrees/8ef411716190/01M46R3WV9B8XCFN123QXNTAJS/.test-runtime/fm-control-relaunch.fDyqoT/held-inflight-23257/home/state/rl50.git-hooks/post-rewrite: Permission denied
rm: /Users/christianalexanderdiaz/.no-mistakes/worktrees/8ef411716190/01M46R3WV9B8XCFN123QXNTAJS/.test-runtime/fm-control-relaunch.fDyqoT/held-inflight-23257/home/state/rl50.git-hooks/commit-msg: Permission denied
rm: /Users/christianalexanderdiaz/.no-mistakes/worktrees/8ef411716190/01M46R3WV9B8XCFN123QXNTAJS/.test-runtime/fm-control-relaunch.fDyqoT/held-inflight-23257/home/state/rl50.git-hooks/pre-push: Permission denied
rm: /Users/christianalexanderdiaz/.no-mistakes/worktrees/8ef411716190/01M46R3WV9B8XCFN123QXNTAJS/.test-runtime/fm-control-relaunch.fDyqoT/held-inflight-23257/home/state/rl50.git-hooks/post-merge: Permission denied
rm: /Users/christianalexanderdiaz/.no-mistakes/worktrees/8ef411716190/01M46R3WV9B8XCFN123QXNTAJS/.test-runtime/fm-control-relaunch.fDyqoT/held-inflight-23257/home/state/rl50.git-hooks/pre-commit: Permission denied
rm: /Users/christianalexanderdiaz/.no-mistakes/worktrees/8ef411716190/01M46R3WV9B8XCFN123QXNTAJS/.test-runtime/fm-control-relaunch.fDyqoT/held-inflight-23257/home/state/rl50.git-hooks: Directory not empty
rm: /Users/christianalexanderdiaz/.no-mistakes/worktrees/8ef411716190/01M46R3WV9B8XCFN123QXNTAJS/.test-runtime/fm-control-relaunch.fDyqoT/held-inflight-23257/home/state: Directory not empty
rm: /Users/christianalexanderdiaz/.no-mistakes/worktrees/8ef411716190/01M46R3WV9B8XCFN123QXNTAJS/.test-runtime/fm-control-relaunch.fDyqoT/held-inflight-23257/home: Directory not empty
rm: /Users/christianalexanderdiaz/.no-mistakes/worktrees/8ef411716190/01M46R3WV9B8XCFN123QXNTAJS/.test-runtime/fm-control-relaunch.fDyqoT/held-inflight-23257: Directory not empty
rm: /Users/christianalexanderdiaz/.no-mistakes/worktrees/8ef411716190/01M46R3WV9B8XCFN123QXNTAJS/.test-runtime/fm-control-relaunch.fDyqoT: Directory not empty
