ok - real Herdr lab: an opted-out spawn retains the Stage 1 Herdr command sequence with zero ordering calls
ok - real Herdr lab: a home that configured nothing falls back flat on below-floor herdr 0.7.4 with one naming warning
ok - real Herdr lab: every projected create, task-tab create, seeded prune, and move preserves active workspace and tab
ok - real Herdr lab: persisted-focused seeded prune proceeds when no live client is attached
ok - real Herdr lab: a busy presentation lock is waited out and the worker still gets its own workspace
ok - real Herdr lab: concurrent primary workers sort below the second mates in create order with no needless moves or focus drift
ok - real Herdr lab: forced workspace.move failure leaves a successful worker in default order with a warning and no cleanup
ok - real Herdr lab: concurrent post-create abort cleanup stays serialized with exact focus restoration
ok - real Herdr lab: Treehouse commands and metadata shape are byte-identical except for endpoint IDs and spawn incarnation
ok - real Herdr lab: exact task-pane close removes the projected workspace with no unrestored wrong-focus interval
ok - real Herdr lab: concurrent projected cleanup is serialized and leaves active workspace/tab unchanged
ok - real Herdr lab: three repeated concurrent create/order/cleanup waves have zero active workspace or tab drift
not ok - secondmate alpha spawn failed: error: secondmate home cannot be inside the firstmate repo: /Users/christianalexanderdiaz/.no-mistakes/worktrees/8ef411716190/01M46QDNV1250V3J2NJPF2GK3V/.test-lab/tmp/fm-herdr-presentation.hgefxb/home-2ndmate-alpha
rm: /Users/christianalexanderdiaz/.no-mistakes/worktrees/8ef411716190/01M46QDNV1250V3J2NJPF2GK3V/.test-lab/tmp/fm-herdr-presentation.hgefxb/home/state/anchor.git-hooks/pre-rebase: Permission denied
rm: /Users/christianalexanderdiaz/.no-mistakes/worktrees/8ef411716190/01M46QDNV1250V3J2NJPF2GK3V/.test-lab/tmp/fm-herdr-presentation.hgefxb/home/state/anchor.git-hooks/pre-applypatch: Permission denied
rm: /Users/christianalexanderdiaz/.no-mistakes/worktrees/8ef411716190/01M46QDNV1250V3J2NJPF2GK3V/.test-lab/tmp/fm-herdr-presentation.hgefxb/home/state/anchor.git-hooks/pre-auto-gc: Permission denied
rm: /Users/christianalexanderdiaz/.no-mistakes/worktrees/8ef411716190/01M46QDNV1250V3J2NJPF2GK3V/.test-lab/tmp/fm-herdr-presentation.hgefxb/home/state/anchor.git-hooks/pre-merge-commit: Permission denied
rm: /Users/christianalexanderdiaz/.no-mistakes/worktrees/8ef411716190/01M46QDNV1250V3J2NJPF2GK3V/.test-lab/tmp/fm-herdr-presentation.hgefxb/home/state/anchor.git-hooks/post-commit: Permission denied
rm: /Users/christianalexanderdiaz/.no-mistakes/worktrees/8ef411716190/01M46QDNV1250V3J2NJPF2GK3V/.test-lab/tmp/fm-herdr-presentation.hgefxb/home/state/anchor.git-hooks/sendemail-validate: Permission denied
rm: /Users/christianalexanderdiaz/.no-mistakes/worktrees/8ef411716190/01M46QDNV1250V3J2NJPF2GK3V/.test-lab/tmp/fm-herdr-presentation.hgefxb/home/state/anchor.git-hooks/applypatch-msg: Permission denied
rm: /Users/christianalexanderdiaz/.no-mistakes/worktrees/8ef411716190/01M46QDNV1250V3J2NJPF2GK3V/.test-lab/tmp/fm-herdr-presentation.hgefxb/home/state/anchor.git-hooks/prepare-commit-msg: Permission denied
rm: /Users/christianalexanderdiaz/.no-mistakes/worktrees/8ef411716190/01M46QDNV1250V3J2NJPF2GK3V/.test-lab/tmp/fm-herdr-presentation.hgefxb/home/state/anchor.git-hooks/post-checkout: Permission denied
rm: /Users/christianalexanderdiaz/.no-mistakes/worktrees/8ef411716190/01M46QDNV1250V3J2NJPF2GK3V/.test-lab/tmp/fm-herdr-presentation.hgefxb/home/state/anchor.git-hooks/post-applypatch: Permission denied
rm: /Users/christianalexanderdiaz/.no-mistakes/worktrees/8ef411716190/01M46QDNV1250V3J2NJPF2GK3V/.test-lab/tmp/fm-herdr-presentation.hgefxb/home/state/anchor.git-hooks/post-rewrite: Permission denied
rm: /Users/christianalexanderdiaz/.no-mistakes/worktrees/8ef411716190/01M46QDNV1250V3J2NJPF2GK3V/.test-lab/tmp/fm-herdr-presentation.hgefxb/home/state/anchor.git-hooks/commit-msg: Permission denied
rm: /Users/christianalexanderdiaz/.no-mistakes/worktrees/8ef411716190/01M46QDNV1250V3J2NJPF2GK3V/.test-lab/tmp/fm-herdr-presentation.hgefxb/home/state/anchor.git-hooks/pre-push: Permission denied
rm: /Users/christianalexanderdiaz/.no-mistakes/worktrees/8ef411716190/01M46QDNV1250V3J2NJPF2GK3V/.test-lab/tmp/fm-herdr-presentation.hgefxb/home/state/anchor.git-hooks/post-merge: Permission denied
rm: /Users/christianalexanderdiaz/.no-mistakes/worktrees/8ef411716190/01M46QDNV1250V3J2NJPF2GK3V/.test-lab/tmp/fm-herdr-presentation.hgefxb/home/state/anchor.git-hooks/pre-commit: Permission denied
rm: /Users/christianalexanderdiaz/.no-mistakes/worktrees/8ef411716190/01M46QDNV1250V3J2NJPF2GK3V/.test-lab/tmp/fm-herdr-presentation.hgefxb/home/state/anchor.git-hooks: Directory not empty
rm: /Users/christianalexanderdiaz/.no-mistakes/worktrees/8ef411716190/01M46QDNV1250V3J2NJPF2GK3V/.test-lab/tmp/fm-herdr-presentation.hgefxb/home/state: Directory not empty
rm: /Users/christianalexanderdiaz/.no-mistakes/worktrees/8ef411716190/01M46QDNV1250V3J2NJPF2GK3V/.test-lab/tmp/fm-herdr-presentation.hgefxb/home: Directory not empty
rm: /Users/christianalexanderdiaz/.no-mistakes/worktrees/8ef411716190/01M46QDNV1250V3J2NJPF2GK3V/.test-lab/tmp/fm-herdr-presentation.hgefxb: Directory not empty
rm: /Users/christianalexanderdiaz/.no-mistakes/worktrees/8ef411716190/01M46QDNV1250V3J2NJPF2GK3V/.test-lab/tmp/fm-herdr-presentation.hgefxb/home/state/anchor.git-hooks/pre-rebase: Permission denied
rm: /Users/christianalexanderdiaz/.no-mistakes/worktrees/8ef411716190/01M46QDNV1250V3J2NJPF2GK3V/.test-lab/tmp/fm-herdr-presentation.hgefxb/home/state/anchor.git-hooks/pre-applypatch: Permission denied
rm: /Users/christianalexanderdiaz/.no-mistakes/worktrees/8ef411716190/01M46QDNV1250V3J2NJPF2GK3V/.test-lab/tmp/fm-herdr-presentation.hgefxb/home/state/anchor.git-hooks/pre-auto-gc: Permission denied
rm: /Users/christianalexanderdiaz/.no-mistakes/worktrees/8ef411716190/01M46QDNV1250V3J2NJPF2GK3V/.test-lab/tmp/fm-herdr-presentation.hgefxb/home/state/anchor.git-hooks/pre-merge-commit: Permission denied
rm: /Users/christianalexanderdiaz/.no-mistakes/worktrees/8ef411716190/01M46QDNV1250V3J2NJPF2GK3V/.test-lab/tmp/fm-herdr-presentation.hgefxb/home/state/anchor.git-hooks/post-commit: Permission denied
rm: /Users/christianalexanderdiaz/.no-mistakes/worktrees/8ef411716190/01M46QDNV1250V3J2NJPF2GK3V/.test-lab/tmp/fm-herdr-presentation.hgefxb/home/state/anchor.git-hooks/sendemail-validate: Permission denied
rm: /Users/christianalexanderdiaz/.no-mistakes/worktrees/8ef411716190/01M46QDNV1250V3J2NJPF2GK3V/.test-lab/tmp/fm-herdr-presentation.hgefxb/home/state/anchor.git-hooks/applypatch-msg: Permission denied
rm: /Users/christianalexanderdiaz/.no-mistakes/worktrees/8ef411716190/01M46QDNV1250V3J2NJPF2GK3V/.test-lab/tmp/fm-herdr-presentation.hgefxb/home/state/anchor.git-hooks/prepare-commit-msg: Permission denied
rm: /Users/christianalexanderdiaz/.no-mistakes/worktrees/8ef411716190/01M46QDNV1250V3J2NJPF2GK3V/.test-lab/tmp/fm-herdr-presentation.hgefxb/home/state/anchor.git-hooks/post-checkout: Permission denied
rm: /Users/christianalexanderdiaz/.no-mistakes/worktrees/8ef411716190/01M46QDNV1250V3J2NJPF2GK3V/.test-lab/tmp/fm-herdr-presentation.hgefxb/home/state/anchor.git-hooks/post-applypatch: Permission denied
rm: /Users/christianalexanderdiaz/.no-mistakes/worktrees/8ef411716190/01M46QDNV1250V3J2NJPF2GK3V/.test-lab/tmp/fm-herdr-presentation.hgefxb/home/state/anchor.git-hooks/post-rewrite: Permission denied
rm: /Users/christianalexanderdiaz/.no-mistakes/worktrees/8ef411716190/01M46QDNV1250V3J2NJPF2GK3V/.test-lab/tmp/fm-herdr-presentation.hgefxb/home/state/anchor.git-hooks/commit-msg: Permission denied
rm: /Users/christianalexanderdiaz/.no-mistakes/worktrees/8ef411716190/01M46QDNV1250V3J2NJPF2GK3V/.test-lab/tmp/fm-herdr-presentation.hgefxb/home/state/anchor.git-hooks/pre-push: Permission denied
rm: /Users/christianalexanderdiaz/.no-mistakes/worktrees/8ef411716190/01M46QDNV1250V3J2NJPF2GK3V/.test-lab/tmp/fm-herdr-presentation.hgefxb/home/state/anchor.git-hooks/post-merge: Permission denied
rm: /Users/christianalexanderdiaz/.no-mistakes/worktrees/8ef411716190/01M46QDNV1250V3J2NJPF2GK3V/.test-lab/tmp/fm-herdr-presentation.hgefxb/home/state/anchor.git-hooks/pre-commit: Permission denied
rm: /Users/christianalexanderdiaz/.no-mistakes/worktrees/8ef411716190/01M46QDNV1250V3J2NJPF2GK3V/.test-lab/tmp/fm-herdr-presentation.hgefxb/home/state/anchor.git-hooks: Directory not empty
rm: /Users/christianalexanderdiaz/.no-mistakes/worktrees/8ef411716190/01M46QDNV1250V3J2NJPF2GK3V/.test-lab/tmp/fm-herdr-presentation.hgefxb/home/state: Directory not empty
rm: /Users/christianalexanderdiaz/.no-mistakes/worktrees/8ef411716190/01M46QDNV1250V3J2NJPF2GK3V/.test-lab/tmp/fm-herdr-presentation.hgefxb/home: Directory not empty
rm: /Users/christianalexanderdiaz/.no-mistakes/worktrees/8ef411716190/01M46QDNV1250V3J2NJPF2GK3V/.test-lab/tmp/fm-herdr-presentation.hgefxb: Directory not empty
